INFO:     Will watch for changes in these directories: ['/mnt/d/LearNova/LearNova']
INFO:     Uvicorn running on http://0.0.0.0:8000 (Press CTRL+C to quit)
INFO:     Started reloader process [43693] using WatchFiles
/home/ahmed_walid/miniconda3/envs/learnova/lib/python3.10/site-packages/pydantic/_internal/_config.py:373: UserWarning: Valid config keys have changed in V2:
* 'schema_extra' has been renamed to 'json_schema_extra'
  warnings.warn(message, UserWarning)
INFO:     Started server process [43695]
INFO:     Waiting for application startup.
INFO:     Application startup complete.
--- DB connection established ---
INFO:     127.0.0.1:57188 - "GET /api/v1/student/responses/performance HTTP/1.1" 500 Internal Server Error
WARNING:  WatchFiles detected changes in 'src/Models/services/student_response_service.py'. Reloading...
INFO:     Shutting down
INFO:     Waiting for application shutdown.
INFO:     Application shutdown complete.
INFO:     Finished server process [43695]
/home/ahmed_walid/miniconda3/envs/learnova/lib/python3.10/site-packages/pydantic/_internal/_config.py:373: UserWarning: Valid config keys have changed in V2:
* 'schema_extra' has been renamed to 'json_schema_extra'
  warnings.warn(message, UserWarning)
INFO:     Started server process [44276]
INFO:     Waiting for application startup.
INFO:     Application startup complete.
--- DB connection established ---
INFO:     127.0.0.1:42674 - "GET /api/v1/student/responses/performance HTTP/1.1" 500 Internal Server Error
WARNING:  WatchFiles detected changes in 'src/Models/repositories/student_response_repository.py'. Reloading...
INFO:     Shutting down
INFO:     Waiting for application shutdown.
INFO:     Application shutdown complete.
INFO:     Finished server process [44276]
/home/ahmed_walid/miniconda3/envs/learnova/lib/python3.10/site-packages/pydantic/_internal/_config.py:373: UserWarning: Valid config keys have changed in V2:
* 'schema_extra' has been renamed to 'json_schema_extra'
  warnings.warn(message, UserWarning)
INFO:     Started server process [44476]
INFO:     Waiting for application startup.
INFO:     Application startup complete.
WARNING:  WatchFiles detected changes in 'src/Models/repositories/student_response_repository.py'. Reloading...
INFO:     Shutting down
INFO:     Waiting for application shutdown.
INFO:     Application shutdown complete.
INFO:     Finished server process [44476]
/home/ahmed_walid/miniconda3/envs/learnova/lib/python3.10/site-packages/pydantic/_internal/_config.py:373: UserWarning: Valid config keys have changed in V2:
* 'schema_extra' has been renamed to 'json_schema_extra'
  warnings.warn(message, UserWarning)
INFO:     Started server process [44529]
INFO:     Waiting for application startup.
INFO:     Application startup complete.
--- DB connection established ---
INFO:     127.0.0.1:56482 - "GET /api/v1/student/responses/performance HTTP/1.1" 200 OK
WARNING:  WatchFiles detected changes in 'src/Api/routers/StudentRoutes/student_response_router.py'. Reloading...
INFO:     Shutting down
INFO:     Waiting for application shutdown.
INFO:     Application shutdown complete.
INFO:     Finished server process [44529]
/home/ahmed_walid/miniconda3/envs/learnova/lib/python3.10/site-packages/pydantic/_internal/_config.py:373: UserWarning: Valid config keys have changed in V2:
* 'schema_extra' has been renamed to 'json_schema_extra'
  warnings.warn(message, UserWarning)
INFO:     Started server process [44912]
INFO:     Waiting for application startup.
INFO:     Application startup complete.
WARNING:  WatchFiles detected changes in 'src/Api/routers/StudentRoutes/student_response_router.py'. Reloading...
INFO:     Shutting down
INFO:     Waiting for application shutdown.
INFO:     Application shutdown complete.
INFO:     Finished server process [44912]
/home/ahmed_walid/miniconda3/envs/learnova/lib/python3.10/site-packages/pydantic/_internal/_config.py:373: UserWarning: Valid config keys have changed in V2:
* 'schema_extra' has been renamed to 'json_schema_extra'
  warnings.warn(message, UserWarning)
INFO:     Started server process [45036]
INFO:     Waiting for application startup.
INFO:     Application startup complete.
WARNING:  WatchFiles detected changes in 'src/Api/routers/StudentRoutes/student_response_router.py'. Reloading...
INFO:     Shutting down
INFO:     Waiting for application shutdown.
INFO:     Application shutdown complete.
INFO:     Finished server process [45036]
/home/ahmed_walid/miniconda3/envs/learnova/lib/python3.10/site-packages/pydantic/_internal/_config.py:373: UserWarning: Valid config keys have changed in V2:
* 'schema_extra' has been renamed to 'json_schema_extra'
  warnings.warn(message, UserWarning)
INFO:     Started server process [45100]
INFO:     Waiting for application startup.
INFO:     Application startup complete.
WARNING:  WatchFiles detected changes in 'src/Api/routers/StudentRoutes/student_response_router.py'. Reloading...
INFO:     Shutting down
INFO:     Waiting for application shutdown.
INFO:     Application shutdown complete.
INFO:     Finished server process [45100]
/home/ahmed_walid/miniconda3/envs/learnova/lib/python3.10/site-packages/pydantic/_internal/_config.py:373: UserWarning: Valid config keys have changed in V2:
* 'schema_extra' has been renamed to 'json_schema_extra'
  warnings.warn(message, UserWarning)
INFO:     Started server process [45186]
INFO:     Waiting for application startup.
INFO:     Application startup complete.
WARNING:  WatchFiles detected changes in 'src/Api/routers/StudentRoutes/student_response_router.py'. Reloading...
INFO:     Shutting down
INFO:     Waiting for application shutdown.
INFO:     Application shutdown complete.
INFO:     Finished server process [45186]
/home/ahmed_walid/miniconda3/envs/learnova/lib/python3.10/site-packages/pydantic/_internal/_config.py:373: UserWarning: Valid config keys have changed in V2:
* 'schema_extra' has been renamed to 'json_schema_extra'
  warnings.warn(message, UserWarning)
INFO:     Started server process [45255]
INFO:     Waiting for application startup.
INFO:     Application startup complete.
--- DB connection established ---
INFO:     127.0.0.1:35354 - "GET /api/v1/student/responses/performance HTTP/1.1" 200 OK
INFO:     127.0.0.1:51268 - "GET /api/v1/student/responses/practice HTTP/1.1" 200 OK
WARNING:  WatchFiles detected changes in 'src/Api/routers/StudentRoutes/student_response_router.py'. Reloading...
INFO:     Shutting down
INFO:     Waiting for application shutdown.
INFO:     Application shutdown complete.
INFO:     Finished server process [45255]
/home/ahmed_walid/miniconda3/envs/learnova/lib/python3.10/site-packages/pydantic/_internal/_config.py:373: UserWarning: Valid config keys have changed in V2:
* 'schema_extra' has been renamed to 'json_schema_extra'
  warnings.warn(message, UserWarning)
INFO:     Started server process [45613]
INFO:     Waiting for application startup.
INFO:     Application startup complete.
WARNING:  WatchFiles detected changes in 'src/Api/routers/StudentRoutes/student_response_router.py'. Reloading...
INFO:     Shutting down
INFO:     Waiting for application shutdown.
INFO:     Application shutdown complete.
INFO:     Finished server process [45613]
/home/ahmed_walid/miniconda3/envs/learnova/lib/python3.10/site-packages/pydantic/_internal/_config.py:373: UserWarning: Valid config keys have changed in V2:
* 'schema_extra' has been renamed to 'json_schema_extra'
  warnings.warn(message, UserWarning)
INFO:     Started server process [45676]
INFO:     Waiting for application startup.
INFO:     Application startup complete.
WARNING:  WatchFiles detected changes in 'src/Api/routers/StudentRoutes/student_response_router.py'. Reloading...
INFO:     Shutting down
INFO:     Waiting for application shutdown.
INFO:     Application shutdown complete.
INFO:     Finished server process [45676]
/home/ahmed_walid/miniconda3/envs/learnova/lib/python3.10/site-packages/pydantic/_internal/_config.py:373: UserWarning: Valid config keys have changed in V2:
* 'schema_extra' has been renamed to 'json_schema_extra'
  warnings.warn(message, UserWarning)
INFO:     Started server process [45724]
INFO:     Waiting for application startup.
INFO:     Application startup complete.
WARNING:  WatchFiles detected changes in 'src/Api/routers/StudentRoutes/student_response_router.py'. Reloading...
INFO:     Shutting down
INFO:     Waiting for application shutdown.
INFO:     Application shutdown complete.
INFO:     Finished server process [45724]
/home/ahmed_walid/miniconda3/envs/learnova/lib/python3.10/site-packages/pydantic/_internal/_config.py:373: UserWarning: Valid config keys have changed in V2:
* 'schema_extra' has been renamed to 'json_schema_extra'
  warnings.warn(message, UserWarning)
INFO:     Started server process [45779]
INFO:     Waiting for application startup.
INFO:     Application startup complete.
WARNING:  WatchFiles detected changes in 'src/Api/routers/StudentRoutes/student_response_router.py'. Reloading...
INFO:     Shutting down
INFO:     Waiting for application shutdown.
INFO:     Application shutdown complete.
INFO:     Finished server process [45779]
/home/ahmed_walid/miniconda3/envs/learnova/lib/python3.10/site-packages/pydantic/_internal/_config.py:373: UserWarning: Valid config keys have changed in V2:
* 'schema_extra' has been renamed to 'json_schema_extra'
  warnings.warn(message, UserWarning)
INFO:     Started server process [45838]
INFO:     Waiting for application startup.
INFO:     Application startup complete.
--- DB connection established ---
INFO:     127.0.0.1:37004 - "GET /api/v1/student/responses/performance HTTP/1.1" 200 OK
INFO:     127.0.0.1:59924 - "GET /api/v1/student/responses/practice HTTP/1.1" 200 OK
INFO:     127.0.0.1:35176 - "GET /api/v1/student/responses/exam HTTP/1.1" 200 OK
INFO:     127.0.0.1:59338 - "GET /api/v1/questions/practice HTTP/1.1" 404 Not Found
INFO:     127.0.0.1:53654 - "GET /api/v1/classrooms/student HTTP/1.1" 404 Not Found
INFO:     127.0.0.1:51468 - "POST /api/v1/student/responses/practice/answer HTTP/1.1" 400 Bad Request
INFO:     127.0.0.1:52546 - "POST /api/v1/student/responses/exam/answer HTTP/1.1" 400 Bad Request
WARNING:  WatchFiles detected changes in 'src/Api/routers/StudentRoutes/student_response_router.py'. Reloading...
INFO:     Shutting down
INFO:     Waiting for application shutdown.
INFO:     Application shutdown complete.
INFO:     Finished server process [45838]
WARNING:  WatchFiles detected changes in 'src/Models/repositories/student_response_repository.py', 'src/Models/services/student_response_service.py', 'src/Models/services/authorization_service.py'. Reloading...
/home/ahmed_walid/miniconda3/envs/learnova/lib/python3.10/site-packages/pydantic/_internal/_config.py:373: UserWarning: Valid config keys have changed in V2:
* 'schema_extra' has been renamed to 'json_schema_extra'
  warnings.warn(message, UserWarning)
INFO:     Started server process [46753]
INFO:     Waiting for application startup.
INFO:     Application startup complete.
/home/ahmed_walid/miniconda3/envs/learnova/lib/python3.10/site-packages/pydantic/_internal/_config.py:373: UserWarning: Valid config keys have changed in V2:
* 'schema_extra' has been renamed to 'json_schema_extra'
  warnings.warn(message, UserWarning)
INFO:     Started server process [46797]
INFO:     Waiting for application startup.
INFO:     Application startup complete.
rom_string
    module = importlib.import_module(module_str)
             ^^^^^^^^^^^^^^^^^^^^^^^^^^^^^^^^^^^
  File "/home/ahmed_walid/miniconda3/lib/python3.12/importlib/__init__.py", line 90, in import_module
    return _bootstrap._gcd_import(name[level:], package, level)
           ^^^^^^^^^^^^^^^^^^^^^^^^^^^^^^^^^^^^^^^^^^^^^^^^^^^^
  File "<frozen importlib._bootstrap>", line 1387, in _gcd_import
  File "<frozen importlib._bootstrap>", line 1360, in _find_and_load
  File "<frozen importlib._bootstrap>", line 1331, in _find_and_load_unlocked
  File "<frozen importlib._bootstrap>", line 935, in _load_unlocked
  File "<frozen importlib._bootstrap_external>", line 999, in exec_module
  File "<frozen importlib._bootstrap>", line 488, in _call_with_frames_removed
  File "/mnt/d/LearNova/LearNova/src/main.py", line 6, in <module>
    from src.Api.routers.GeneralRoutes.auth_route import auth_router
  File "/mnt/d/LearNova/LearNova/src/Api/routers/GeneralRoutes/auth_route.py", line 4, in <module>
    from src.Api.utils import JWTHandler
  File "/mnt/d/LearNova/LearNova/src/Api/utils.py", line 11, in <module>
    from itsdangerous import URLSafeTimedSerializer
ModuleNotFoundError: No module named 'itsdangerous'
WARNING:  WatchFiles detected changes in 'src/Api/routers/StudentRoutes/student_response_router.py'. Reloading...
Process SpawnProcess-5:
Traceback (most recent call last):
  File "/home/ahmed_walid/miniconda3/lib/python3.12/multiprocessing/process.py", line 314, in _bootstrap
    self.run()
  File "/home/ahmed_walid/miniconda3/lib/python3.12/multiprocessing/process.py", line 108, in run
    self._target(*self._args, **self._kwargs)
  File "/home/ahmed_walid/miniconda3/lib/python3.12/site-packages/uvicorn/_subprocess.py", line 78, in subprocess_started
    target(sockets=sockets)
  File "/home/ahmed_walid/miniconda3/lib/python3.12/site-packages/uvicorn/server.py", line 65, in run
    return asyncio.run(self.serve(sockets=sockets))
           ^^^^^^^^^^^^^^^^^^^^^^^^^^^^^^^^^^^^^^^^
  File "/home/ahmed_walid/miniconda3/lib/python3.12/asyncio/runners.py", line 195, in run
    return runner.run(main)
           ^^^^^^^^^^^^^^^^
  File "/home/ahmed_walid/miniconda3/lib/python3.12/asyncio/runners.py", line 118, in run
    return self._loop.run_until_complete(task)
           ^^^^^^^^^^^^^^^^^^^^^^^^^^^^^^^^^^^
  File "uvloop/loop.pyx", line 1518, in uvloop.loop.Loop.run_until_complete
  File "/home/ahmed_walid/miniconda3/lib/python3.12/site-packages/uvicorn/server.py", line 69, in serve
    await self._serve(sockets)
  File "/home/ahmed_walid/miniconda3/lib/python3.12/site-packages/uvicorn/server.py", line 76, in _serve
    config.load()
  File "/home/ahmed_walid/miniconda3/lib/python3.12/site-packages/uvicorn/config.py", line 433, in load
    self.loaded_app = import_from_string(self.app)
                      ^^^^^^^^^^^^^^^^^^^^^^^^^^^^
  File "/home/ahmed_walid/miniconda3/lib/python3.12/site-packages/uvicorn/importer.py", line 22, in import_from_string
    raise exc from None
  File "/home/ahmed_walid/miniconda3/lib/python3.12/site-packages/uvicorn/importer.py", line 19, in import_from_string
    module = importlib.import_module(module_str)
             ^^^^^^^^^^^^^^^^^^^^^^^^^^^^^^^^^^^
  File "/home/ahmed_walid/miniconda3/lib/python3.12/importlib/__init__.py", line 90, in import_module
    return _bootstrap._gcd_import(name[level:], package, level)
           ^^^^^^^^^^^^^^^^^^^^^^^^^^^^^^^^^^^^^^^^^^^^^^^^^^^^
  File "<frozen importlib._bootstrap>", line 1387, in _gcd_import
  File "<frozen importlib._bootstrap>", line 1360, in _find_and_load
  File "<frozen importlib._bootstrap>", line 1331, in _find_and_load_unlocked
  File "<frozen importlib._bootstrap>", line 935, in _load_unlocked
  File "<frozen importlib._bootstrap_external>", line 999, in exec_module
  File "<frozen importlib._bootstrap>", line 488, in _call_with_frames_removed
  File "/mnt/d/LearNova/LearNova/src/main.py", line 6, in <module>
    from src.Api.routers.GeneralRoutes.auth_route import auth_router
  File "/mnt/d/LearNova/LearNova/src/Api/routers/GeneralRoutes/auth_route.py", line 4, in <module>
    from src.Api.utils import JWTHandler
  File "/mnt/d/LearNova/LearNova/src/Api/utils.py", line 11, in <module>
    from itsdangerous import URLSafeTimedSerializer
ModuleNotFoundError: No module named 'itsdangerous'
WARNING:  WatchFiles detected changes in 'src/Api/routers/StudentRoutes/student_response_router.py'. Reloading...
Process SpawnProcess-6:
Traceback (most recent call last):
  File "/home/ahmed_walid/miniconda3/lib/python3.12/multiprocessing/process.py", line 314, in _bootstrap
    self.run()
  File "/home/ahmed_walid/miniconda3/lib/python3.12/multiprocessing/process.py", line 108, in run
    self._target(*self._args, **self._kwargs)
  File "/home/ahmed_walid/miniconda3/lib/python3.12/site-packages/uvicorn/_subprocess.py", line 78, in subprocess_started
    target(sockets=sockets)
  File "/home/ahmed_walid/miniconda3/lib/python3.12/site-packages/uvicorn/server.py", line 65, in run
    return asyncio.run(self.serve(sockets=sockets))
           ^^^^^^^^^^^^^^^^^^^^^^^^^^^^^^^^^^^^^^^^
  File "/home/ahmed_walid/miniconda3/lib/python3.12/asyncio/runners.py", line 195, in run
    return runner.run(main)
           ^^^^^^^^^^^^^^^^
  File "/home/ahmed_walid/miniconda3/lib/python3.12/asyncio/runners.py", line 118, in run
    return self._loop.run_until_complete(task)
           ^^^^^^^^^^^^^^^^^^^^^^^^^^^^^^^^^^^
  File "uvloop/loop.pyx", line 1518, in uvloop.loop.Loop.run_until_complete
  File "/home/ahmed_walid/miniconda3/lib/python3.12/site-packages/uvicorn/server.py", line 69, in serve
    await self._serve(sockets)
  File "/home/ahmed_walid/miniconda3/lib/python3.12/site-packages/uvicorn/server.py", line 76, in _serve
    config.load()
  File "/home/ahmed_walid/miniconda3/lib/python3.12/site-packages/uvicorn/config.py", line 433, in load
    self.loaded_app = import_from_string(self.app)
                      ^^^^^^^^^^^^^^^^^^^^^^^^^^^^
  File "/home/ahmed_walid/miniconda3/lib/python3.12/site-packages/uvicorn/importer.py", line 22, in import_from_string
    raise exc from None
  File "/home/ahmed_walid/miniconda3/lib/python3.12/site-packages/uvicorn/importer.py", line 19, in import_from_string
    module = importlib.import_module(module_str)
             ^^^^^^^^^^^^^^^^^^^^^^^^^^^^^^^^^^^
  File "/home/ahmed_walid/miniconda3/lib/python3.12/importlib/__init__.py", line 90, in import_module
    return _bootstrap._gcd_import(name[level:], package, level)
           ^^^^^^^^^^^^^^^^^^^^^^^^^^^^^^^^^^^^^^^^^^^^^^^^^^^^
  File "<frozen importlib._bootstrap>", line 1387, in _gcd_import
  File "<frozen importlib._bootstrap>", line 1360, in _find_and_load
  File "<frozen importlib._bootstrap>", line 1331, in _find_and_load_unlocked
  File "<frozen importlib._bootstrap>", line 935, in _load_unlocked
  File "<frozen importlib._bootstrap_external>", line 999, in exec_module
  File "<frozen importlib._bootstrap>", line 488, in _call_with_frames_removed
  File "/mnt/d/LearNova/LearNova/src/main.py", line 6, in <module>
    from src.Api.routers.GeneralRoutes.auth_route import auth_router
  File "/mnt/d/LearNova/LearNova/src/Api/routers/GeneralRoutes/auth_route.py", line 4, in <module>
    from src.Api.utils import JWTHandler
  File "/mnt/d/LearNova/LearNova/src/Api/utils.py", line 11, in <module>
    from itsdangerous import URLSafeTimedSerializer
ModuleNotFoundError: No module named 'itsdangerous'
WARNING:  WatchFiles detected changes in 'src/Api/routers/StudentRoutes/student_response_router.py'. Reloading...
Process SpawnProcess-7:
Traceback (most recent call last):
  File "/home/ahmed_walid/miniconda3/lib/python3.12/multiprocessing/process.py", line 314, in _bootstrap
    self.run()
  File "/home/ahmed_walid/miniconda3/lib/python3.12/multiprocessing/process.py", line 108, in run
    self._target(*self._args, **self._kwargs)
  File "/home/ahmed_walid/miniconda3/lib/python3.12/site-packages/uvicorn/_subprocess.py", line 78, in subprocess_started
    target(sockets=sockets)
  File "/home/ahmed_walid/miniconda3/lib/python3.12/site-packages/uvicorn/server.py", line 65, in run
    return asyncio.run(self.serve(sockets=sockets))
           ^^^^^^^^^^^^^^^^^^^^^^^^^^^^^^^^^^^^^^^^
  File "/home/ahmed_walid/miniconda3/lib/python3.12/asyncio/runners.py", line 195, in run
    return runner.run(main)
           ^^^^^^^^^^^^^^^^
  File "/home/ahmed_walid/miniconda3/lib/python3.12/asyncio/runners.py", line 118, in run
    return self._loop.run_until_complete(task)
           ^^^^^^^^^^^^^^^^^^^^^^^^^^^^^^^^^^^
  File "uvloop/loop.pyx", line 1518, in uvloop.loop.Loop.run_until_complete
  File "/home/ahmed_walid/miniconda3/lib/python3.12/site-packages/uvicorn/server.py", line 69, in serve
    await self._serve(sockets)
  File "/home/ahmed_walid/miniconda3/lib/python3.12/site-packages/uvicorn/server.py", line 76, in _serve
    config.load()
  File "/home/ahmed_walid/miniconda3/lib/python3.12/site-packages/uvicorn/config.py", line 433, in load
    self.loaded_app = import_from_string(self.app)
                      ^^^^^^^^^^^^^^^^^^^^^^^^^^^^
  File "/home/ahmed_walid/miniconda3/lib/python3.12/site-packages/uvicorn/importer.py", line 22, in import_from_string
    raise exc from None
  File "/home/ahmed_walid/miniconda3/lib/python3.12/site-packages/uvicorn/importer.py", line 19, in import_from_string
    module = importlib.import_module(module_str)
             ^^^^^^^^^^^^^^^^^^^^^^^^^^^^^^^^^^^
  File "/home/ahmed_walid/miniconda3/lib/python3.12/importlib/__init__.py", line 90, in import_module
    return _bootstrap._gcd_import(name[level:], package, level)
           ^^^^^^^^^^^^^^^^^^^^^^^^^^^^^^^^^^^^^^^^^^^^^^^^^^^^
  File "<frozen importlib._bootstrap>", line 1387, in _gcd_import
  File "<frozen importlib._bootstrap>", line 1360, in _find_and_load
  File "<frozen importlib._bootstrap>", line 1331, in _find_and_load_unlocked
  File "<frozen importlib._bootstrap>", line 935, in _load_unlocked
  File "<frozen importlib._bootstrap_external>", line 999, in exec_module
  File "<frozen importlib._bootstrap>", line 488, in _call_with_frames_removed
  File "/mnt/d/LearNova/LearNova/src/main.py", line 6, in <module>
    from src.Api.routers.GeneralRoutes.auth_route import auth_router
  File "/mnt/d/LearNova/LearNova/src/Api/routers/GeneralRoutes/auth_route.py", line 4, in <module>
    from src.Api.utils import JWTHandler
  File "/mnt/d/LearNova/LearNova/src/Api/utils.py", line 11, in <module>
    from itsdangerous import URLSafeTimedSerializer
ModuleNotFoundError: No module named 'itsdangerous'
WARNING:  WatchFiles detected changes in 'src/Api/routers/StudentRoutes/student_response_router.py'. Reloading...
Process SpawnProcess-8:
Traceback (most recent call last):
  File "/home/ahmed_walid/miniconda3/lib/python3.12/multiprocessing/process.py", line 314, in _bootstrap
    self.run()
  File "/home/ahmed_walid/miniconda3/lib/python3.12/multiprocessing/process.py", line 108, in run
    self._target(*self._args, **self._kwargs)
  File "/home/ahmed_walid/miniconda3/lib/python3.12/site-packages/uvicorn/_subprocess.py", line 78, in subprocess_started
    target(sockets=sockets)
  File "/home/ahmed_walid/miniconda3/lib/python3.12/site-packages/uvicorn/server.py", line 65, in run
    return asyncio.run(self.serve(sockets=sockets))
           ^^^^^^^^^^^^^^^^^^^^^^^^^^^^^^^^^^^^^^^^
  File "/home/ahmed_walid/miniconda3/lib/python3.12/asyncio/runners.py", line 195, in run
    return runner.run(main)
           ^^^^^^^^^^^^^^^^
  File "/home/ahmed_walid/miniconda3/lib/python3.12/asyncio/runners.py", line 118, in run
    return self._loop.run_until_complete(task)
           ^^^^^^^^^^^^^^^^^^^^^^^^^^^^^^^^^^^
  File "uvloop/loop.pyx", line 1518, in uvloop.loop.Loop.run_until_complete
  File "/home/ahmed_walid/miniconda3/lib/python3.12/site-packages/uvicorn/server.py", line 69, in serve
    await self._serve(sockets)
  File "/home/ahmed_walid/miniconda3/lib/python3.12/site-packages/uvicorn/server.py", line 76, in _serve
    config.load()
  File "/home/ahmed_walid/miniconda3/lib/python3.12/site-packages/uvicorn/config.py", line 433, in load
    self.loaded_app = import_from_string(self.app)
                      ^^^^^^^^^^^^^^^^^^^^^^^^^^^^
  File "/home/ahmed_walid/miniconda3/lib/python3.12/site-packages/uvicorn/importer.py", line 22, in import_from_string
    raise exc from None
  File "/home/ahmed_walid/miniconda3/lib/python3.12/site-packages/uvicorn/importer.py", line 19, in import_from_string
    module = importlib.import_module(module_str)
             ^^^^^^^^^^^^^^^^^^^^^^^^^^^^^^^^^^^
  File "/home/ahmed_walid/miniconda3/lib/python3.12/importlib/__init__.py", line 90, in import_module
    return _bootstrap._gcd_import(name[level:], package, level)
           ^^^^^^^^^^^^^^^^^^^^^^^^^^^^^^^^^^^^^^^^^^^^^^^^^^^^
  File "<frozen importlib._bootstrap>", line 1387, in _gcd_import
  File "<frozen importlib._bootstrap>", line 1360, in _find_and_load
  File "<frozen importlib._bootstrap>", line 1331, in _find_and_load_unlocked
  File "<frozen importlib._bootstrap>", line 935, in _load_unlocked
  File "<frozen importlib._bootstrap_external>", line 999, in exec_module
  File "<frozen importlib._bootstrap>", line 488, in _call_with_frames_removed
  File "/mnt/d/LearNova/LearNova/src/main.py", line 6, in <module>
    from src.Api.routers.GeneralRoutes.auth_route import auth_router
  File "/mnt/d/LearNova/LearNova/src/Api/routers/GeneralRoutes/auth_route.py", line 4, in <module>
    from src.Api.utils import JWTHandler
  File "/mnt/d/LearNova/LearNova/src/Api/utils.py", line 11, in <module>
    from itsdangerous import URLSafeTimedSerializer
ModuleNotFoundError: No module named 'itsdangerous'
WARNING:  WatchFiles detected changes in 'src/Api/routers/StudentRoutes/student_response_router.py'. Reloading...
Process SpawnProcess-9:
Traceback (most recent call last):
  File "/home/ahmed_walid/miniconda3/lib/python3.12/multiprocessing/process.py", line 314, in _bootstrap
    self.run()
  File "/home/ahmed_walid/miniconda3/lib/python3.12/multiprocessing/process.py", line 108, in run
    self._target(*self._args, **self._kwargs)
  File "/home/ahmed_walid/miniconda3/lib/python3.12/site-packages/uvicorn/_subprocess.py", line 78, in subprocess_started
    target(sockets=sockets)
  File "/home/ahmed_walid/miniconda3/lib/python3.12/site-packages/uvicorn/server.py", line 65, in run
    return asyncio.run(self.serve(sockets=sockets))
           ^^^^^^^^^^^^^^^^^^^^^^^^^^^^^^^^^^^^^^^^
  File "/home/ahmed_walid/miniconda3/lib/python3.12/asyncio/runners.py", line 195, in run
    return runner.run(main)
           ^^^^^^^^^^^^^^^^
  File "/home/ahmed_walid/miniconda3/lib/python3.12/asyncio/runners.py", line 118, in run
    return self._loop.run_until_complete(task)
           ^^^^^^^^^^^^^^^^^^^^^^^^^^^^^^^^^^^
  File "uvloop/loop.pyx", line 1518, in uvloop.loop.Loop.run_until_complete
  File "/home/ahmed_walid/miniconda3/lib/python3.12/site-packages/uvicorn/server.py", line 69, in serve
    await self._serve(sockets)
  File "/home/ahmed_walid/miniconda3/lib/python3.12/site-packages/uvicorn/server.py", line 76, in _serve
    config.load()
  File "/home/ahmed_walid/miniconda3/lib/python3.12/site-packages/uvicorn/config.py", line 433, in load
    self.loaded_app = import_from_string(self.app)
                      ^^^^^^^^^^^^^^^^^^^^^^^^^^^^
  File "/home/ahmed_walid/miniconda3/lib/python3.12/site-packages/uvicorn/importer.py", line 22, in import_from_string
    raise exc from None
  File "/home/ahmed_walid/miniconda3/lib/python3.12/site-packages/uvicorn/importer.py", line 19, in import_from_string
    module = importlib.import_module(module_str)
             ^^^^^^^^^^^^^^^^^^^^^^^^^^^^^^^^^^^
  File "/home/ahmed_walid/miniconda3/lib/python3.12/importlib/__init__.py", line 90, in import_module
    return _bootstrap._gcd_import(name[level:], package, level)
           ^^^^^^^^^^^^^^^^^^^^^^^^^^^^^^^^^^^^^^^^^^^^^^^^^^^^
  File "<frozen importlib._bootstrap>", line 1387, in _gcd_import
  File "<frozen importlib._bootstrap>", line 1360, in _find_and_load
  File "<frozen importlib._bootstrap>", line 1331, in _find_and_load_unlocked
  File "<frozen importlib._bootstrap>", line 935, in _load_unlocked
  File "<frozen importlib._bootstrap_external>", line 999, in exec_module
  File "<frozen importlib._bootstrap>", line 488, in _call_with_frames_removed
  File "/mnt/d/LearNova/LearNova/src/main.py", line 6, in <module>
    from src.Api.routers.GeneralRoutes.auth_route import auth_router
  File "/mnt/d/LearNova/LearNova/src/Api/routers/GeneralRoutes/auth_route.py", line 4, in <module>
    from src.Api.utils import JWTHandler
  File "/mnt/d/LearNova/LearNova/src/Api/utils.py", line 11, in <module>
    from itsdangerous import URLSafeTimedSerializer
ModuleNotFoundError: No module named 'itsdangerous'
WARNING:  WatchFiles detected changes in 'src/Api/routers/StudentRoutes/student_response_router.py'. Reloading...
Process SpawnProcess-10:
Traceback (most recent call last):
  File "/home/ahmed_walid/miniconda3/lib/python3.12/multiprocessing/process.py", line 314, in _bootstrap
    self.run()
  File "/home/ahmed_walid/miniconda3/lib/python3.12/multiprocessing/process.py", line 108, in run
    self._target(*self._args, **self._kwargs)
  File "/home/ahmed_walid/miniconda3/lib/python3.12/site-packages/uvicorn/_subprocess.py", line 78, in subprocess_started
    target(sockets=sockets)
  File "/home/ahmed_walid/miniconda3/lib/python3.12/site-packages/uvicorn/server.py", line 65, in run
    return asyncio.run(self.serve(sockets=sockets))
           ^^^^^^^^^^^^^^^^^^^^^^^^^^^^^^^^^^^^^^^^
  File "/home/ahmed_walid/miniconda3/lib/python3.12/asyncio/runners.py", line 195, in run
    return runner.run(main)
           ^^^^^^^^^^^^^^^^
  File "/home/ahmed_walid/miniconda3/lib/python3.12/asyncio/runners.py", line 118, in run
    return self._loop.run_until_complete(task)
           ^^^^^^^^^^^^^^^^^^^^^^^^^^^^^^^^^^^
  File "uvloop/loop.pyx", line 1518, in uvloop.loop.Loop.run_until_complete
  File "/home/ahmed_walid/miniconda3/lib/python3.12/site-packages/uvicorn/server.py", line 69, in serve
    await self._serve(sockets)
  File "/home/ahmed_walid/miniconda3/lib/python3.12/site-packages/uvicorn/server.py", line 76, in _serve
    config.load()
  File "/home/ahmed_walid/miniconda3/lib/python3.12/site-packages/uvicorn/config.py", line 433, in load
    self.loaded_app = import_from_string(self.app)
                      ^^^^^^^^^^^^^^^^^^^^^^^^^^^^
  File "/home/ahmed_walid/miniconda3/lib/python3.12/site-packages/uvicorn/importer.py", line 22, in import_from_string
    raise exc from None
  File "/home/ahmed_walid/miniconda3/lib/python3.12/site-packages/uvicorn/importer.py", line 19, in import_from_string
    module = importlib.import_module(module_str)
             ^^^^^^^^^^^^^^^^^^^^^^^^^^^^^^^^^^^
  File "/home/ahmed_walid/miniconda3/lib/python3.12/importlib/__init__.py", line 90, in import_module
    return _bootstrap._gcd_import(name[level:], package, level)
           ^^^^^^^^^^^^^^^^^^^^^^^^^^^^^^^^^^^^^^^^^^^^^^^^^^^^
  File "<frozen importlib._bootstrap>", line 1387, in _gcd_import
  File "<frozen importlib._bootstrap>", line 1360, in _find_and_load
  File "<frozen importlib._bootstrap>", line 1331, in _find_and_load_unlocked
  File "<frozen importlib._bootstrap>", line 935, in _load_unlocked
  File "<frozen importlib._bootstrap_external>", line 999, in exec_module
  File "<frozen importlib._bootstrap>", line 488, in _call_with_frames_removed
  File "/mnt/d/LearNova/LearNova/src/main.py", line 6, in <module>
    from src.Api.routers.GeneralRoutes.auth_route import auth_router
  File "/mnt/d/LearNova/LearNova/src/Api/routers/GeneralRoutes/auth_route.py", line 4, in <module>
    from src.Api.utils import JWTHandler
  File "/mnt/d/LearNova/LearNova/src/Api/utils.py", line 11, in <module>
    from itsdangerous import URLSafeTimedSerializer
ModuleNotFoundError: No module named 'itsdangerous'
WARNING:  WatchFiles detected changes in 'src/Api/routers/StudentRoutes/student_response_router.py'. Reloading...
Process SpawnProcess-11:
Traceback (most recent call last):
  File "/home/ahmed_walid/miniconda3/lib/python3.12/multiprocessing/process.py", line 314, in _bootstrap
    self.run()
  File "/home/ahmed_walid/miniconda3/lib/python3.12/multiprocessing/process.py", line 108, in run
    self._target(*self._args, **self._kwargs)
  File "/home/ahmed_walid/miniconda3/lib/python3.12/site-packages/uvicorn/_subprocess.py", line 78, in subprocess_started
    target(sockets=sockets)
  File "/home/ahmed_walid/miniconda3/lib/python3.12/site-packages/uvicorn/server.py", line 65, in run
    return asyncio.run(self.serve(sockets=sockets))
           ^^^^^^^^^^^^^^^^^^^^^^^^^^^^^^^^^^^^^^^^
  File "/home/ahmed_walid/miniconda3/lib/python3.12/asyncio/runners.py", line 195, in run
    return runner.run(main)
           ^^^^^^^^^^^^^^^^
  File "/home/ahmed_walid/miniconda3/lib/python3.12/asyncio/runners.py", line 118, in run
    return self._loop.run_until_complete(task)
           ^^^^^^^^^^^^^^^^^^^^^^^^^^^^^^^^^^^
  File "uvloop/loop.pyx", line 1518, in uvloop.loop.Loop.run_until_complete
  File "/home/ahmed_walid/miniconda3/lib/python3.12/site-packages/uvicorn/server.py", line 69, in serve
    await self._serve(sockets)
  File "/home/ahmed_walid/miniconda3/lib/python3.12/site-packages/uvicorn/server.py", line 76, in _serve
    config.load()
  File "/home/ahmed_walid/miniconda3/lib/python3.12/site-packages/uvicorn/config.py", line 433, in load
    self.loaded_app = import_from_string(self.app)
                      ^^^^^^^^^^^^^^^^^^^^^^^^^^^^
  File "/home/ahmed_walid/miniconda3/lib/python3.12/site-packages/uvicorn/importer.py", line 22, in import_from_string
    raise exc from None
  File "/home/ahmed_walid/miniconda3/lib/python3.12/site-packages/uvicorn/importer.py", line 19, in import_from_string
    module = importlib.import_module(module_str)
             ^^^^^^^^^^^^^^^^^^^^^^^^^^^^^^^^^^^
  File "/home/ahmed_walid/miniconda3/lib/python3.12/importlib/__init__.py", line 90, in import_module
    return _bootstrap._gcd_import(name[level:], package, level)
           ^^^^^^^^^^^^^^^^^^^^^^^^^^^^^^^^^^^^^^^^^^^^^^^^^^^^
  File "<frozen importlib._bootstrap>", line 1387, in _gcd_import
  File "<frozen importlib._bootstrap>", line 1360, in _find_and_load
  File "<frozen importlib._bootstrap>", line 1331, in _find_and_load_unlocked
  File "<frozen importlib._bootstrap>", line 935, in _load_unlocked
  File "<frozen importlib._bootstrap_external>", line 999, in exec_module
  File "<frozen importlib._bootstrap>", line 488, in _call_with_frames_removed
  File "/mnt/d/LearNova/LearNova/src/main.py", line 6, in <module>
    from src.Api.routers.GeneralRoutes.auth_route import auth_router
  File "/mnt/d/LearNova/LearNova/src/Api/routers/GeneralRoutes/auth_route.py", line 4, in <module>
    from src.Api.utils import JWTHandler
  File "/mnt/d/LearNova/LearNova/src/Api/utils.py", line 11, in <module>
    from itsdangerous import URLSafeTimedSerializer
ModuleNotFoundError: No module named 'itsdangerous'
WARNING:  WatchFiles detected changes in 'src/Api/routers/StudentRoutes/student_response_router.py'. Reloading...
Process SpawnProcess-12:
Traceback (most recent call last):
  File "/home/ahmed_walid/miniconda3/lib/python3.12/multiprocessing/process.py", line 314, in _bootstrap
    self.run()
  File "/home/ahmed_walid/miniconda3/lib/python3.12/multiprocessing/process.py", line 108, in run
    self._target(*self._args, **self._kwargs)
  File "/home/ahmed_walid/miniconda3/lib/python3.12/site-packages/uvicorn/_subprocess.py", line 78, in subprocess_started
    target(sockets=sockets)
  File "/home/ahmed_walid/miniconda3/lib/python3.12/site-packages/uvicorn/server.py", line 65, in run
    return asyncio.run(self.serve(sockets=sockets))
           ^^^^^^^^^^^^^^^^^^^^^^^^^^^^^^^^^^^^^^^^
  File "/home/ahmed_walid/miniconda3/lib/python3.12/asyncio/runners.py", line 195, in run
    return runner.run(main)
           ^^^^^^^^^^^^^^^^
  File "/home/ahmed_walid/miniconda3/lib/python3.12/asyncio/runners.py", line 118, in run
    return self._loop.run_until_complete(task)
           ^^^^^^^^^^^^^^^^^^^^^^^^^^^^^^^^^^^
  File "uvloop/loop.pyx", line 1518, in uvloop.loop.Loop.run_until_complete
  File "/home/ahmed_walid/miniconda3/lib/python3.12/site-packages/uvicorn/server.py", line 69, in serve
    await self._serve(sockets)
  File "/home/ahmed_walid/miniconda3/lib/python3.12/site-packages/uvicorn/server.py", line 76, in _serve
    config.load()
  File "/home/ahmed_walid/miniconda3/lib/python3.12/site-packages/uvicorn/config.py", line 433, in load
    self.loaded_app = import_from_string(self.app)
                      ^^^^^^^^^^^^^^^^^^^^^^^^^^^^
  File "/home/ahmed_walid/miniconda3/lib/python3.12/site-packages/uvicorn/importer.py", line 22, in import_from_string
    raise exc from None
  File "/home/ahmed_walid/miniconda3/lib/python3.12/site-packages/uvicorn/importer.py", line 19, in import_from_string
    module = importlib.import_module(module_str)
             ^^^^^^^^^^^^^^^^^^^^^^^^^^^^^^^^^^^
  File "/home/ahmed_walid/miniconda3/lib/python3.12/importlib/__init__.py", line 90, in import_module
    return _bootstrap._gcd_import(name[level:], package, level)
           ^^^^^^^^^^^^^^^^^^^^^^^^^^^^^^^^^^^^^^^^^^^^^^^^^^^^
  File "<frozen importlib._bootstrap>", line 1387, in _gcd_import
  File "<frozen importlib._bootstrap>", line 1360, in _find_and_load
  File "<frozen importlib._bootstrap>", line 1331, in _find_and_load_unlocked
  File "<frozen importlib._bootstrap>", line 935, in _load_unlocked
  File "<frozen importlib._bootstrap_external>", line 999, in exec_module
  File "<frozen importlib._bootstrap>", line 488, in _call_with_frames_removed
  File "/mnt/d/LearNova/LearNova/src/main.py", line 6, in <module>
    from src.Api.routers.GeneralRoutes.auth_route import auth_router
  File "/mnt/d/LearNova/LearNova/src/Api/routers/GeneralRoutes/auth_route.py", line 4, in <module>
    from src.Api.utils import JWTHandler
  File "/mnt/d/LearNova/LearNova/src/Api/utils.py", line 11, in <module>
    from itsdangerous import URLSafeTimedSerializer
ModuleNotFoundError: No module named 'itsdangerous'
WARNING:  WatchFiles detected changes in 'src/Api/routers/StudentRoutes/student_response_router.py'. Reloading...
Process SpawnProcess-13:
Traceback (most recent call last):
  File "/home/ahmed_walid/miniconda3/lib/python3.12/multiprocessing/process.py", line 314, in _bootstrap
    self.run()
  File "/home/ahmed_walid/miniconda3/lib/python3.12/multiprocessing/process.py", line 108, in run
    self._target(*self._args, **self._kwargs)
  File "/home/ahmed_walid/miniconda3/lib/python3.12/site-packages/uvicorn/_subprocess.py", line 78, in subprocess_started
    target(sockets=sockets)
  File "/home/ahmed_walid/miniconda3/lib/python3.12/site-packages/uvicorn/server.py", line 65, in run
    return asyncio.run(self.serve(sockets=sockets))
           ^^^^^^^^^^^^^^^^^^^^^^^^^^^^^^^^^^^^^^^^
  File "/home/ahmed_walid/miniconda3/lib/python3.12/asyncio/runners.py", line 195, in run
    return runner.run(main)
           ^^^^^^^^^^^^^^^^
  File "/home/ahmed_walid/miniconda3/lib/python3.12/asyncio/runners.py", line 118, in run
    return self._loop.run_until_complete(task)
           ^^^^^^^^^^^^^^^^^^^^^^^^^^^^^^^^^^^
  File "uvloop/loop.pyx", line 1518, in uvloop.loop.Loop.run_until_complete
  File "/home/ahmed_walid/miniconda3/lib/python3.12/site-packages/uvicorn/server.py", line 69, in serve
    await self._serve(sockets)
  File "/home/ahmed_walid/miniconda3/lib/python3.12/site-packages/uvicorn/server.py", line 76, in _serve
    config.load()
  File "/home/ahmed_walid/miniconda3/lib/python3.12/site-packages/uvicorn/config.py", line 433, in load
    self.loaded_app = import_from_string(self.app)
                      ^^^^^^^^^^^^^^^^^^^^^^^^^^^^
  File "/home/ahmed_walid/miniconda3/lib/python3.12/site-packages/uvicorn/importer.py", line 22, in import_from_string
    raise exc from None
  File "/home/ahmed_walid/miniconda3/lib/python3.12/site-packages/uvicorn/importer.py", line 19, in import_from_string
    module = importlib.import_module(module_str)
             ^^^^^^^^^^^^^^^^^^^^^^^^^^^^^^^^^^^
  File "/home/ahmed_walid/miniconda3/lib/python3.12/importlib/__init__.py", line 90, in import_module
    return _bootstrap._gcd_import(name[level:], package, level)
           ^^^^^^^^^^^^^^^^^^^^^^^^^^^^^^^^^^^^^^^^^^^^^^^^^^^^
  File "<frozen importlib._bootstrap>", line 1387, in _gcd_import
  File "<frozen importlib._bootstrap>", line 1360, in _find_and_load
  File "<frozen importlib._bootstrap>", line 1331, in _find_and_load_unlocked
  File "<frozen importlib._bootstrap>", line 935, in _load_unlocked
  File "<frozen importlib._bootstrap_external>", line 999, in exec_module
  File "<frozen importlib._bootstrap>", line 488, in _call_with_frames_removed
  File "/mnt/d/LearNova/LearNova/src/main.py", line 6, in <module>
    from src.Api.routers.GeneralRoutes.auth_route import auth_router
  File "/mnt/d/LearNova/LearNova/src/Api/routers/GeneralRoutes/auth_route.py", line 4, in <module>
    from src.Api.utils import JWTHandler
  File "/mnt/d/LearNova/LearNova/src/Api/utils.py", line 11, in <module>
    from itsdangerous import URLSafeTimedSerializer
ModuleNotFoundError: No module named 'itsdangerous'
WARNING:  WatchFiles detected changes in 'src/Api/routers/StudentRoutes/student_response_router.py'. Reloading...
Process SpawnProcess-14:
Traceback (most recent call last):
  File "/home/ahmed_walid/miniconda3/lib/python3.12/multiprocessing/process.py", line 314, in _bootstrap
    self.run()
  File "/home/ahmed_walid/miniconda3/lib/python3.12/multiprocessing/process.py", line 108, in run
    self._target(*self._args, **self._kwargs)
  File "/home/ahmed_walid/miniconda3/lib/python3.12/site-packages/uvicorn/_subprocess.py", line 78, in subprocess_started
    target(sockets=sockets)
  File "/home/ahmed_walid/miniconda3/lib/python3.12/site-packages/uvicorn/server.py", line 65, in run
    return asyncio.run(self.serve(sockets=sockets))
           ^^^^^^^^^^^^^^^^^^^^^^^^^^^^^^^^^^^^^^^^
  File "/home/ahmed_walid/miniconda3/lib/python3.12/asyncio/runners.py", line 195, in run
    return runner.run(main)
           ^^^^^^^^^^^^^^^^
  File "/home/ahmed_walid/miniconda3/lib/python3.12/asyncio/runners.py", line 118, in run
    return self._loop.run_until_complete(task)
           ^^^^^^^^^^^^^^^^^^^^^^^^^^^^^^^^^^^
  File "uvloop/loop.pyx", line 1518, in uvloop.loop.Loop.run_until_complete
  File "/home/ahmed_walid/miniconda3/lib/python3.12/site-packages/uvicorn/server.py", line 69, in serve
    await self._serve(sockets)
  File "/home/ahmed_walid/miniconda3/lib/python3.12/site-packages/uvicorn/server.py", line 76, in _serve
    config.load()
  File "/home/ahmed_walid/miniconda3/lib/python3.12/site-packages/uvicorn/config.py", line 433, in load
    self.loaded_app = import_from_string(self.app)
                      ^^^^^^^^^^^^^^^^^^^^^^^^^^^^
  File "/home/ahmed_walid/miniconda3/lib/python3.12/site-packages/uvicorn/importer.py", line 22, in import_from_string
    raise exc from None
  File "/home/ahmed_walid/miniconda3/lib/python3.12/site-packages/uvicorn/importer.py", line 19, in import_from_string
    module = importlib.import_module(module_str)
             ^^^^^^^^^^^^^^^^^^^^^^^^^^^^^^^^^^^
  File "/home/ahmed_walid/miniconda3/lib/python3.12/importlib/__init__.py", line 90, in import_module
    return _bootstrap._gcd_import(name[level:], package, level)
           ^^^^^^^^^^^^^^^^^^^^^^^^^^^^^^^^^^^^^^^^^^^^^^^^^^^^
  File "<frozen importlib._bootstrap>", line 1387, in _gcd_import
  File "<frozen importlib._bootstrap>", line 1360, in _find_and_load
  File "<frozen importlib._bootstrap>", line 1331, in _find_and_load_unlocked
  File "<frozen importlib._bootstrap>", line 935, in _load_unlocked
  File "<frozen importlib._bootstrap_external>", line 999, in exec_module
  File "<frozen importlib._bootstrap>", line 488, in _call_with_frames_removed
  File "/mnt/d/LearNova/LearNova/src/main.py", line 6, in <module>
    from src.Api.routers.GeneralRoutes.auth_route import auth_router
  File "/mnt/d/LearNova/LearNova/src/Api/routers/GeneralRoutes/auth_route.py", line 4, in <module>
    from src.Api.utils import JWTHandler
  File "/mnt/d/LearNova/LearNova/src/Api/utils.py", line 11, in <module>
    from itsdangerous import URLSafeTimedSerializer
ModuleNotFoundError: No module named 'itsdangerous'
WARNING:  WatchFiles detected changes in 'src/Api/routers/StudentRoutes/student_response_router.py'. Reloading...
WARNING:  WatchFiles detected changes in 'src/Models/repositories/student_response_repository.py', 'src/Models/services/authorization_service.py', 'src/Models/services/student_response_service.py'. Reloading...
Process SpawnProcess-15:
Traceback (most recent call last):
  File "/home/ahmed_walid/miniconda3/lib/python3.12/multiprocessing/process.py", line 314, in _bootstrap
    self.run()
  File "/home/ahmed_walid/miniconda3/lib/python3.12/multiprocessing/process.py", line 108, in run
    self._target(*self._args, **self._kwargs)
  File "/home/ahmed_walid/miniconda3/lib/python3.12/site-packages/uvicorn/_subprocess.py", line 78, in subprocess_started
    target(sockets=sockets)
  File "/home/ahmed_walid/miniconda3/lib/python3.12/site-packages/uvicorn/server.py", line 65, in run
    return asyncio.run(self.serve(sockets=sockets))
           ^^^^^^^^^^^^^^^^^^^^^^^^^^^^^^^^^^^^^^^^
  File "/home/ahmed_walid/miniconda3/lib/python3.12/asyncio/runners.py", line 195, in run
    return runner.run(main)
           ^^^^^^^^^^^^^^^^
  File "/home/ahmed_walid/miniconda3/lib/python3.12/asyncio/runners.py", line 118, in run
    return self._loop.run_until_complete(task)
           ^^^^^^^^^^^^^^^^^^^^^^^^^^^^^^^^^^^
  File "uvloop/loop.pyx", line 1518, in uvloop.loop.Loop.run_until_complete
  File "/home/ahmed_walid/miniconda3/lib/python3.12/site-packages/uvicorn/server.py", line 69, in serve
    await self._serve(sockets)
  File "/home/ahmed_walid/miniconda3/lib/python3.12/site-packages/uvicorn/server.py", line 76, in _serve
    config.load()
  File "/home/ahmed_walid/miniconda3/lib/python3.12/site-packages/uvicorn/config.py", line 433, in load
    self.loaded_app = import_from_string(self.app)
                      ^^^^^^^^^^^^^^^^^^^^^^^^^^^^
  File "/home/ahmed_walid/miniconda3/lib/python3.12/site-packages/uvicorn/importer.py", line 22, in import_from_string
    raise exc from None
  File "/home/ahmed_walid/miniconda3/lib/python3.12/site-packages/uvicorn/importer.py", line 19, in import_from_string
    module = importlib.import_module(module_str)
             ^^^^^^^^^^^^^^^^^^^^^^^^^^^^^^^^^^^
  File "/home/ahmed_walid/miniconda3/lib/python3.12/importlib/__init__.py", line 90, in import_module
    return _bootstrap._gcd_import(name[level:], package, level)
           ^^^^^^^^^^^^^^^^^^^^^^^^^^^^^^^^^^^^^^^^^^^^^^^^^^^^
  File "<frozen importlib._bootstrap>", line 1387, in _gcd_import
  File "<frozen importlib._bootstrap>", line 1360, in _find_and_load
  File "<frozen importlib._bootstrap>", line 1331, in _find_and_load_unlocked
  File "<frozen importlib._bootstrap>", line 935, in _load_unlocked
  File "<frozen importlib._bootstrap_external>", line 999, in exec_module
  File "<frozen importlib._bootstrap>", line 488, in _call_with_frames_removed
  File "/mnt/d/LearNova/LearNova/src/main.py", line 6, in <module>
    from src.Api.routers.GeneralRoutes.auth_route import auth_router
  File "/mnt/d/LearNova/LearNova/src/Api/routers/GeneralRoutes/auth_route.py", line 4, in <module>
    from src.Api.utils import JWTHandler
  File "/mnt/d/LearNova/LearNova/src/Api/utils.py", line 11, in <module>
    from itsdangerous import URLSafeTimedSerializer
ModuleNotFoundError: No module named 'itsdangerous'
Process SpawnProcess-16:
Traceback (most recent call last):
  File "/home/ahmed_walid/miniconda3/lib/python3.12/multiprocessing/process.py", line 314, in _bootstrap
    self.run()
  File "/home/ahmed_walid/miniconda3/lib/python3.12/multiprocessing/process.py", line 108, in run
    self._target(*self._args, **self._kwargs)
  File "/home/ahmed_walid/miniconda3/lib/python3.12/site-packages/uvicorn/_subprocess.py", line 78, in subprocess_started
    target(sockets=sockets)
  File "/home/ahmed_walid/miniconda3/lib/python3.12/site-packages/uvicorn/server.py", line 65, in run
    return asyncio.run(self.serve(sockets=sockets))
           ^^^^^^^^^^^^^^^^^^^^^^^^^^^^^^^^^^^^^^^^
  File "/home/ahmed_walid/miniconda3/lib/python3.12/asyncio/runners.py", line 195, in run
    return runner.run(main)
           ^^^^^^^^^^^^^^^^
  File "/home/ahmed_walid/miniconda3/lib/python3.12/asyncio/runners.py", line 118, in run
    return self._loop.run_until_complete(task)
           ^^^^^^^^^^^^^^^^^^^^^^^^^^^^^^^^^^^
  File "uvloop/loop.pyx", line 1518, in uvloop.loop.Loop.run_until_complete
  File "/home/ahmed_walid/miniconda3/lib/python3.12/site-packages/uvicorn/server.py", line 69, in serve
    await self._serve(sockets)
  File "/home/ahmed_walid/miniconda3/lib/python3.12/site-packages/uvicorn/server.py", line 76, in _serve
    config.load()
  File "/home/ahmed_walid/miniconda3/lib/python3.12/site-packages/uvicorn/config.py", line 433, in load
    self.loaded_app = import_from_string(self.app)
                      ^^^^^^^^^^^^^^^^^^^^^^^^^^^^
  File "/home/ahmed_walid/miniconda3/lib/python3.12/site-packages/uvicorn/importer.py", line 22, in import_from_string
    raise exc from None
  File "/home/ahmed_walid/miniconda3/lib/python3.12/site-packages/uvicorn/importer.py", line 19, in import_from_string
    module = importlib.import_module(module_str)
             ^^^^^^^^^^^^^^^^^^^^^^^^^^^^^^^^^^^
  File "/home/ahmed_walid/miniconda3/lib/python3.12/importlib/__init__.py", line 90, in import_module
    return _bootstrap._gcd_import(name[level:], package, level)
           ^^^^^^^^^^^^^^^^^^^^^^^^^^^^^^^^^^^^^^^^^^^^^^^^^^^^
  File "<frozen importlib._bootstrap>", line 1387, in _gcd_import
  File "<frozen importlib._bootstrap>", line 1360, in _find_and_load
  File "<frozen importlib._bootstrap>", line 1331, in _find_and_load_unlocked
  File "<frozen importlib._bootstrap>", line 935, in _load_unlocked
  File "<frozen importlib._bootstrap_external>", line 999, in exec_module
  File "<frozen importlib._bootstrap>", line 488, in _call_with_frames_removed
  File "/mnt/d/LearNova/LearNova/src/main.py", line 6, in <module>
    from src.Api.routers.GeneralRoutes.auth_route import auth_router
  File "/mnt/d/LearNova/LearNova/src/Api/routers/GeneralRoutes/auth_route.py", line 4, in <module>
    from src.Api.utils import JWTHandler
  File "/mnt/d/LearNova/LearNova/src/Api/utils.py", line 11, in <module>
    from itsdangerous import URLSafeTimedSerializer
ModuleNotFoundError: No module named 'itsdangerous'
